../Core/Src/main.c:86:5:main	16	static
../Core/Src/main.c:159:6:SystemClock_Config	72	static
../Core/Src/main.c:199:13:MX_I2C1_Init	8	static
../Core/Src/main.c:233:13:MX_TIM1_Init	32	static
../Core/Src/main.c:279:13:MX_TIM2_Init	48	static
../Core/Src/main.c:328:13:MX_TIM4_Init	48	static
../Core/Src/main.c:381:13:MX_GPIO_Init	40	static
../Core/Src/main.c:409:6:MPU_GetOrientation_Fixed	48	static
../Core/Src/main.c:424:17:sine_to_ccr	24	static
../Core/Src/main.c:436:6:HAL_TIM_PeriodElapsedCallback	72	static
../Core/Src/main.c:481:6:Error_Handler	4	static,ignoring_inline_asm
