../Core/Src/main.c:89:5:main	16	static
../Core/Src/main.c:163:6:SystemClock_Config	72	static
../Core/Src/main.c:203:13:MX_I2C1_Init	8	static
../Core/Src/main.c:237:13:MX_TIM1_Init	32	static
../Core/Src/main.c:283:13:MX_TIM2_Init	48	static
../Core/Src/main.c:332:13:MX_TIM4_Init	48	static
../Core/Src/main.c:385:13:MX_USART3_UART_Init	8	static
../Core/Src/main.c:418:13:MX_GPIO_Init	40	static
../Core/Src/main.c:446:6:MPU_GetOrientation_Fixed	48	static
../Core/Src/main.c:461:17:sine_to_ccr	24	static
../Core/Src/main.c:473:6:HAL_TIM_PeriodElapsedCallback	72	static
../Core/Src/main.c:518:6:Error_Handler	4	static,ignoring_inline_asm
