../Core/Src/main.c:75:5:main	16	static
../Core/Src/main.c:130:6:SystemClock_Config	72	static
../Core/Src/main.c:170:13:MX_I2C1_Init	8	static
../Core/Src/main.c:204:13:MX_TIM1_Init	32	static
../Core/Src/main.c:250:13:MX_TIM2_Init	48	static
../Core/Src/main.c:307:13:MX_TIM3_Init	48	static
../Core/Src/main.c:368:13:MX_TIM4_Init	48	static
../Core/Src/main.c:421:13:MX_GPIO_Init	40	static
../Core/Src/main.c:453:6:HAL_TIM_PeriodElapsedCallback	16	static
../Core/Src/main.c:466:6:Error_Handler	4	static,ignoring_inline_asm
