../Core/Src/ssd1306.c:121:6:SSD1306_WriteCmd	32	static
../Core/Src/ssd1306.c:126:6:SSD1306_WriteData	168	static
../Core/Src/ssd1306.c:133:6:SSD1306_Init	16	static
../Core/Src/ssd1306.c:167:6:SSD1306_Clear	8	static
../Core/Src/ssd1306.c:171:6:SSD1306_UpdateDisplay	24	static
../Core/Src/ssd1306.c:184:6:SSD1306_SetPixel	16	static
../Core/Src/ssd1306.c:193:6:SSD1306_DrawChar	24	static
../Core/Src/ssd1306.c:206:6:SSD1306_DrawString	24	static
../Core/Src/ssd1306.c:216:6:SSD1306_DrawInt	48	static
../Core/Src/ssd1306.c:247:6:SSD1306_DrawCharBig	24	static
../Core/Src/ssd1306.c:266:6:SSD1306_DrawStringBig	24	static
../Core/Src/ssd1306.c:281:6:SSD1306_DrawAngle	56	static
