../Core/Src/main.c:73:13:BlinkDebugPattern	24	static
../Core/Src/main.c:102:5:main	16	static
../Core/Src/main.c:162:6:SystemClock_Config	72	static
../Core/Src/main.c:202:13:MX_I2C1_Init	8	static
../Core/Src/main.c:236:13:MX_I2C2_Init	8	static
../Core/Src/main.c:270:13:MX_TIM1_Init	32	static
../Core/Src/main.c:316:13:MX_TIM2_Init	48	static
../Core/Src/main.c:373:13:MX_TIM3_Init	48	static
../Core/Src/main.c:434:13:MX_TIM4_Init	48	static
../Core/Src/main.c:487:13:MX_GPIO_Init	40	static
../Core/Src/main.c:515:6:HAL_TIM_PeriodElapsedCallback	16	static
../Core/Src/main.c:528:6:Error_Handler	4	static,ignoring_inline_asm
